{
  "pass": 71,
  "fail": 6,
  "other": 0,
  "total_scored": 77,
  "score": 92.21,
  "min_score": 90.0,
  "meets_floor": true,
  "gate_pass": true,
  "enforce": true,
  "failures": [
    "accounts_password_pam_modules_in_authselect_profile",
    "accounts_umask_etc_bashrc",
    "accounts_umask_etc_profile",
    "configure_custom_crypto_policy_cis",
    "file_permissions_ungroupowned",
    "use_pam_wheel_group_for_su"
  ],
  "regressions": [],
  "baseline": null,
  "openscap_line": "OpenSCAP: pass=71 fail=6 score=92.2% (target 90%)"
}
