
PLAY [verify] ******************************************************************

TASK [Gathering Facts] *********************************************************
ok: [localhost]

TASK [/stigforge/roles/rhel10_cis : StigForge apply rhel10_cis profile cis-l1] ***
included: /stigforge/roles/rhel10_cis/tasks/cis-l1.yml for localhost

TASK [/stigforge/roles/rhel10_cis : Gather the package facts] ******************
ok: [localhost]

TASK [/stigforge/roles/rhel10_cis : Ensure aide is installed] ******************
skipping: [localhost]

TASK [/stigforge/roles/rhel10_cis : Build and Test AIDE Database - Ensure AIDE Is Installed] ***
skipping: [localhost] => (item=aide) 
skipping: [localhost]

TASK [/stigforge/roles/rhel10_cis : Ensure aide is installed] ******************
skipping: [localhost] => (item=aide) 
skipping: [localhost]

TASK [/stigforge/roles/rhel10_cis : Ensure AIDE is installed] ******************
skipping: [localhost]

TASK [/stigforge/roles/rhel10_cis : Install cron] ******************************
skipping: [localhost]

TASK [/stigforge/roles/rhel10_cis : Ensure sudo is installed] ******************
skipping: [localhost]

TASK [/stigforge/roles/rhel10_cis : Ensure libpwquality is installed] **********
ok: [localhost]

TASK [/stigforge/roles/rhel10_cis : Ensure systemd-journal-remote is installed] ***
skipping: [localhost]

TASK [/stigforge/roles/rhel10_cis : Configure Firewalld to Restrict Loopback Traffic - Ensure firewalld Package is Installed] ***
skipping: [localhost] => (item=firewalld) 
skipping: [localhost]

TASK [/stigforge/roles/rhel10_cis : Configure Firewalld to Trust Loopback Traffic - Ensure firewalld Package is Installed] ***
skipping: [localhost] => (item=firewalld) 
skipping: [localhost]

TASK [/stigforge/roles/rhel10_cis : Ensure nftables is installed] **************
skipping: [localhost]

TASK [/stigforge/roles/rhel10_cis : Ensure NetworkManager is installed] ********
skipping: [localhost] => (item=NetworkManager) 
skipping: [localhost]

TASK [/stigforge/roles/rhel10_cis : Ensure libselinux is installed] ************
skipping: [localhost]

TASK [/stigforge/roles/rhel10_cis : Uninstall mcstrans Package: Ensure mcstrans is removed] ***
skipping: [localhost]

TASK [/stigforge/roles/rhel10_cis : Uninstall setroubleshoot Package: Ensure setroubleshoot is removed] ***
skipping: [localhost]

TASK [/stigforge/roles/rhel10_cis : Ensure cronie is installed] ****************
skipping: [localhost]

TASK [/stigforge/roles/rhel10_cis : Uninstall kea Package: Ensure kea is removed] ***
ok: [localhost]

TASK [/stigforge/roles/rhel10_cis : Uninstall dnsmasq Package: Ensure dnsmasq is removed] ***
ok: [localhost]

TASK [/stigforge/roles/rhel10_cis : Uninstall bind Package: Ensure bind is removed] ***
ok: [localhost]

TASK [/stigforge/roles/rhel10_cis : Remove ftp Package: Ensure ftp is removed] ***
ok: [localhost]

TASK [/stigforge/roles/rhel10_cis : Uninstall vsftpd Package: Ensure vsftpd is removed] ***
ok: [localhost]

TASK [/stigforge/roles/rhel10_cis : Uninstall httpd Package: Ensure httpd is removed] ***
ok: [localhost]

TASK [/stigforge/roles/rhel10_cis : Uninstall nginx Package: Ensure nginx is removed] ***
ok: [localhost]

TASK [/stigforge/roles/rhel10_cis : Uninstall cyrus-imapd Package: Ensure cyrus-imapd is removed] ***
ok: [localhost]

TASK [/stigforge/roles/rhel10_cis : Uninstall dovecot Package: Ensure dovecot is removed] ***
ok: [localhost]

TASK [/stigforge/roles/rhel10_cis : Uninstall rsync Package: Ensure rsync-daemon is removed] ***
ok: [localhost]

TASK [/stigforge/roles/rhel10_cis : Uninstall telnet-server Package: Ensure telnet-server is removed] ***
ok: [localhost]

TASK [/stigforge/roles/rhel10_cis : Remove telnet Clients: Ensure telnet is removed] ***
ok: [localhost]

TASK [/stigforge/roles/rhel10_cis : Uninstall tftp-server Package: Ensure tftp-server is removed] ***
ok: [localhost]

TASK [/stigforge/roles/rhel10_cis : Remove tftp Daemon: Ensure tftp is removed] ***
ok: [localhost]

TASK [/stigforge/roles/rhel10_cis : Uninstall squid Package: Ensure squid is removed] ***
ok: [localhost]

TASK [/stigforge/roles/rhel10_cis : Uninstall Samba Package: Ensure samba is removed] ***
ok: [localhost]

TASK [/stigforge/roles/rhel10_cis : Uninstall net-snmp Package: Ensure net-snmp is removed] ***
ok: [localhost]

TASK [/stigforge/roles/rhel10_cis : Gather the package facts] ******************
ok: [localhost]

TASK [/stigforge/roles/rhel10_cis : Enable systemd-journald Service - Enable Service systemd-journald] ***
skipping: [localhost]

TASK [/stigforge/roles/rhel10_cis : Verify nftables Service is Disabled - Collect systemd Services Present in the System] ***
skipping: [localhost]

TASK [/stigforge/roles/rhel10_cis : Verify nftables Service is Disabled - Ensure nftables.service is Masked] ***
skipping: [localhost]

TASK [/stigforge/roles/rhel10_cis : Unit Socket Exists - nftables.socket] ******
skipping: [localhost]

TASK [/stigforge/roles/rhel10_cis : Verify nftables Service is Disabled - Disable Socket nftables] ***
skipping: [localhost]

TASK [/stigforge/roles/rhel10_cis : Disable Bluetooth Service - Collect systemd Services Present in the System] ***
skipping: [localhost]

TASK [/stigforge/roles/rhel10_cis : Disable Bluetooth Service - Ensure bluetooth.service is Masked] ***
skipping: [localhost]

TASK [/stigforge/roles/rhel10_cis : Unit Socket Exists - bluetooth.socket] *****
skipping: [localhost]

TASK [/stigforge/roles/rhel10_cis : Disable Bluetooth Service - Disable Socket bluetooth] ***
skipping: [localhost]

TASK [/stigforge/roles/rhel10_cis : Disable the Automounter - Collect systemd Services Present in the System] ***
skipping: [localhost]

TASK [/stigforge/roles/rhel10_cis : Disable the Automounter - Ensure autofs.service is Masked] ***
skipping: [localhost]

TASK [/stigforge/roles/rhel10_cis : Unit Socket Exists - autofs.socket] ********
skipping: [localhost]

TASK [/stigforge/roles/rhel10_cis : Disable the Automounter - Disable Socket autofs] ***
skipping: [localhost]

TASK [/stigforge/roles/rhel10_cis : Disable Avahi Server Software - Collect systemd Services Present in the System] ***
skipping: [localhost]

TASK [/stigforge/roles/rhel10_cis : Disable Avahi Server Software - Ensure avahi-daemon.service is Masked] ***
skipping: [localhost]

TASK [/stigforge/roles/rhel10_cis : Unit Socket Exists - avahi-daemon.socket] ***
skipping: [localhost]

TASK [/stigforge/roles/rhel10_cis : Disable Avahi Server Software - Disable Socket avahi-daemon] ***
skipping: [localhost]

TASK [/stigforge/roles/rhel10_cis : Enable cron Service - Enable Service crond] ***
skipping: [localhost]

TASK [/stigforge/roles/rhel10_cis : Disable rpcbind Service - Collect systemd Services Present in the System] ***
skipping: [localhost]

TASK [/stigforge/roles/rhel10_cis : Disable rpcbind Service - Ensure rpcbind.service is Masked] ***
skipping: [localhost]

TASK [/stigforge/roles/rhel10_cis : Unit Socket Exists - rpcbind.socket] *******
skipping: [localhost]

TASK [/stigforge/roles/rhel10_cis : Disable rpcbind Service - Disable Socket rpcbind] ***
skipping: [localhost]

TASK [/stigforge/roles/rhel10_cis : Disable Network File System (nfs) - Collect systemd Services Present in the System] ***
skipping: [localhost]

TASK [/stigforge/roles/rhel10_cis : Disable Network File System (nfs) - Ensure nfs-server.service is Masked] ***
skipping: [localhost]

TASK [/stigforge/roles/rhel10_cis : Unit Socket Exists - nfs-server.socket] ****
skipping: [localhost]

TASK [/stigforge/roles/rhel10_cis : Disable Network File System (nfs) - Disable Socket nfs-server] ***
skipping: [localhost]

TASK [/stigforge/roles/rhel10_cis : Disable the CUPS Service - Collect systemd Services Present in the System] ***
skipping: [localhost]

TASK [/stigforge/roles/rhel10_cis : Disable the CUPS Service - Ensure cups.service is Masked] ***
skipping: [localhost]

TASK [/stigforge/roles/rhel10_cis : Unit Socket Exists - cups.socket] **********
skipping: [localhost]

TASK [/stigforge/roles/rhel10_cis : Disable the CUPS Service - Disable Socket cups] ***
skipping: [localhost]

TASK [/stigforge/roles/rhel10_cis : Gather the service facts] ******************
skipping: [localhost]

TASK [/stigforge/roles/rhel10_cis : Build and Test AIDE Database - Build and Test AIDE Database] ***
skipping: [localhost]

TASK [/stigforge/roles/rhel10_cis : Build and Test AIDE Database - Check Whether the Stock AIDE Database Exists] ***
skipping: [localhost]

TASK [/stigforge/roles/rhel10_cis : Build and Test AIDE Database - Stage AIDE Database] ***
skipping: [localhost]

TASK [/stigforge/roles/rhel10_cis : Set audit_tools fact] **********************
skipping: [localhost]

TASK [/stigforge/roles/rhel10_cis : Ensure existing AIDE configuration for audit tools are correct] ***
skipping: [localhost]

TASK [/stigforge/roles/rhel10_cis : Configure AIDE to properly protect audit tools] ***
skipping: [localhost]

TASK [/stigforge/roles/rhel10_cis : Configure Periodic Execution of AIDE] ******
skipping: [localhost]

TASK [/stigforge/roles/rhel10_cis : Configure System Cryptography Policy] ******
ok: [localhost]

TASK [/stigforge/roles/rhel10_cis : Verify that Crypto Policy is Set (runtime)] ***
changed: [localhost]

TASK [/stigforge/roles/rhel10_cis : Configure SSH to use System Crypto Policy] ***
ok: [localhost]

TASK [/stigforge/roles/rhel10_cis : Run dconf update] **************************
skipping: [localhost]

TASK [/stigforge/roles/rhel10_cis : Disable the GNOME3 Login User List] ********
skipping: [localhost]

TASK [/stigforge/roles/rhel10_cis : Prevent user modification of GNOME3 disablement of Login User List] ***
skipping: [localhost]

TASK [/stigforge/roles/rhel10_cis : Dconf Update] ******************************
skipping: [localhost]

TASK [/stigforge/roles/rhel10_cis : Disable GNOME3 Automounting - automount] ***
skipping: [localhost]

TASK [/stigforge/roles/rhel10_cis : Prevent user modification of GNOME3 Automounting - automount] ***
skipping: [localhost]

TASK [/stigforge/roles/rhel10_cis : Dconf Update] ******************************
skipping: [localhost]

TASK [/stigforge/roles/rhel10_cis : Disable GNOME3 Automounting - automount-open] ***
skipping: [localhost]

TASK [/stigforge/roles/rhel10_cis : Prevent user modification of GNOME3 Automounting - automount-open] ***
skipping: [localhost]

TASK [/stigforge/roles/rhel10_cis : Dconf Update] ******************************
skipping: [localhost]

TASK [/stigforge/roles/rhel10_cis : Disable GNOME3 Automounting - autorun-never] ***
skipping: [localhost]

TASK [/stigforge/roles/rhel10_cis : Prevent user modification of GNOME3 Automounting - autorun-never] ***
skipping: [localhost]

TASK [/stigforge/roles/rhel10_cis : Dconf Update] ******************************
skipping: [localhost]

TASK [/stigforge/roles/rhel10_cis : Set GNOME3 Screensaver Lock Delay After Activation Period] ***
skipping: [localhost]

TASK [/stigforge/roles/rhel10_cis : Dconf Update] ******************************
skipping: [localhost]

TASK [/stigforge/roles/rhel10_cis : Prevent user modification of GNOME lock-delay] ***
skipping: [localhost]

TASK [/stigforge/roles/rhel10_cis : Dconf Update] ******************************
skipping: [localhost]

TASK [/stigforge/roles/rhel10_cis : Ensure use_pty is enabled in /etc/sudoers] ***
skipping: [localhost]

TASK [/stigforge/roles/rhel10_cis : Ensure logfile is enabled with the appropriate value in /etc/sudoers] ***
skipping: [localhost]

TASK [/stigforge/roles/rhel10_cis : Enable logfile option with appropriate value in /etc/sudoers] ***
skipping: [localhost]

TASK [/stigforge/roles/rhel10_cis : Ensure GPG check is globally activated] ****
ok: [localhost]

TASK [/stigforge/roles/rhel10_cis : Ensure Local Login Warning Banner Is Configured Properly - Copy using inline content] ***
skipping: [localhost]

TASK [/stigforge/roles/rhel10_cis : Ensure Remote Login Warning Banner Is Configured Properly - Copy using inline content] ***
skipping: [localhost]

TASK [/stigforge/roles/rhel10_cis : Ensure Message Of The Day Is Configured Properly - Copy using inline content] ***
skipping: [localhost]

TASK [/stigforge/roles/rhel10_cis : Set the file_groupowner_etc_issue_newgroup variable if represented by gid] ***
ok: [localhost]

TASK [/stigforge/roles/rhel10_cis : Test for existence /etc/issue] *************
ok: [localhost]

TASK [/stigforge/roles/rhel10_cis : Ensure group owner on /etc/issue] **********
ok: [localhost]

TASK [/stigforge/roles/rhel10_cis : Set the file_groupowner_etc_issue_net_newgroup variable if represented by gid] ***
ok: [localhost]

TASK [/stigforge/roles/rhel10_cis : Test for existence /etc/issue.net] *********
ok: [localhost]

TASK [/stigforge/roles/rhel10_cis : Ensure group owner on /etc/issue.net] ******
ok: [localhost]

TASK [/stigforge/roles/rhel10_cis : Set the file_groupowner_etc_motd_newgroup variable if represented by gid] ***
ok: [localhost]

TASK [/stigforge/roles/rhel10_cis : Test for existence /etc/motd] **************
ok: [localhost]

TASK [/stigforge/roles/rhel10_cis : Ensure group owner on /etc/motd] ***********
ok: [localhost]

TASK [/stigforge/roles/rhel10_cis : Set the file_owner_etc_issue_newown variable if represented by uid] ***
ok: [localhost]

TASK [/stigforge/roles/rhel10_cis : Test for existence /etc/issue] *************
ok: [localhost]

TASK [/stigforge/roles/rhel10_cis : Ensure owner on /etc/issue] ****************
ok: [localhost]

TASK [/stigforge/roles/rhel10_cis : Set the file_owner_etc_issue_net_newown variable if represented by uid] ***
ok: [localhost]

TASK [/stigforge/roles/rhel10_cis : Test for existence /etc/issue.net] *********
ok: [localhost]

TASK [/stigforge/roles/rhel10_cis : Ensure owner on /etc/issue.net] ************
ok: [localhost]

TASK [/stigforge/roles/rhel10_cis : Set the file_owner_etc_motd_newown variable if represented by uid] ***
ok: [localhost]

TASK [/stigforge/roles/rhel10_cis : Test for existence /etc/motd] **************
ok: [localhost]

TASK [/stigforge/roles/rhel10_cis : Ensure owner on /etc/motd] *****************
ok: [localhost]

TASK [/stigforge/roles/rhel10_cis : Test for existence /etc/issue] *************
ok: [localhost]

TASK [/stigforge/roles/rhel10_cis : Ensure permission u-xs,g-xws,o-xwt on /etc/issue] ***
ok: [localhost]

TASK [/stigforge/roles/rhel10_cis : Test for existence /etc/issue.net] *********
ok: [localhost]

TASK [/stigforge/roles/rhel10_cis : Ensure permission u-xs,g-xws,o-xwt on /etc/issue.net] ***
ok: [localhost]

TASK [/stigforge/roles/rhel10_cis : Test for existence /etc/motd] **************
ok: [localhost]

TASK [/stigforge/roles/rhel10_cis : Ensure permission u-xs,g-xws,o-xwt on /etc/motd] ***
ok: [localhost]

TASK [/stigforge/roles/rhel10_cis : Enable GNOME3 Login Warning Banner] ********
skipping: [localhost]

TASK [/stigforge/roles/rhel10_cis : Prevent user modification of GNOME banner-message-enabled] ***
skipping: [localhost]

TASK [/stigforge/roles/rhel10_cis : Dconf Update] ******************************
skipping: [localhost]

TASK [/stigforge/roles/rhel10_cis : Set the GNOME3 Login Warning Banner Text] ***
skipping: [localhost] => (item=distro.d) 
skipping: [localhost] => (item=distro.d/locks) 
skipping: [localhost]

TASK [/stigforge/roles/rhel10_cis : Set the GNOME3 Login Warning Banner Text] ***
skipping: [localhost] => (item=00-security-settings) 
skipping: [localhost] => (item=locks/00-security-settings-lock) 
skipping: [localhost]

TASK [/stigforge/roles/rhel10_cis : Set the GNOME3 Login Warning Banner Text] ***
skipping: [localhost]

TASK [/stigforge/roles/rhel10_cis : Prevent user modification of the GNOME3 Login Warning Banner Text] ***
skipping: [localhost]

TASK [/stigforge/roles/rhel10_cis : Dconf Update] ******************************
skipping: [localhost]

TASK [/stigforge/roles/rhel10_cis : Configure the Use of the pam_faillock.so Module in the /etc/pam.d/password-auth File. - Check if system relies on authselect tool] ***
ok: [localhost]

TASK [/stigforge/roles/rhel10_cis : Configure the Use of the pam_faillock.so Module in the /etc/pam.d/password-auth File. - Check integrity of authselect current profile] ***
ok: [localhost]

TASK [/stigforge/roles/rhel10_cis : Configure the Use of the pam_faillock.so Module in the /etc/pam.d/password-auth File. - Informative message based on the authselect integrity check result] ***
fatal: [localhost]: FAILED! => {
    "assertion": "ansible_check_mode or result_authselect_check_cmd.rc == 0",
    "changed": false,
    "evaluated_to": false,
    "msg": [
        "authselect integrity check failed. Remediation aborted!",
        "This remediation could not be applied because an authselect profile was not selected or the selected profile is not intact.",
        "It is not recommended to manually edit the PAM files when authselect tool is available.",
        "In cases where the default authselect profile does not cover a specific demand, a custom authselect profile is recommended."
    ]
}

PLAY RECAP *********************************************************************
localhost                  : ok=52   changed=1    unreachable=0    failed=1    skipped=84   rescued=0    ignored=0   

